Num weight bits = 18
learning rate = 0.5
initial_t = 0
power_t = 0.5
using no cache
Reading datafile = train-sets/0080.dat
num sources = 1
average  since         example        example  current  current  current
loss     last          counter         weight    label  predict features
0.596384 0.596384            1            1.0   1.0000   0.2277        5
1.618849 2.641314            2            2.0   2.0000   0.3748        5
1.000556 0.382262            4            4.0   2.0000   2.0000        5

finished run
number of examples per pass = 4
passes used = 1
weighted example sum = 4.000000
weighted label sum = 6.000000
average loss = 1.000556
best constant = 1.500000
best constant's loss = 0.250000
total feature number = 18
