0
	feature:118880:1:0@0
0
	namespace^feature:242309:1:0@0
0
	:0:1:0@0
0
	other_namespace^:207177:1:0@0
