only testing
Num weight bits = 18
learning rate = 10
initial_t = 1
power_t = 0.5
predictions = bs.prvote.multi.predict
using no cache
Reading datafile = train-sets/0001.multi.dat
num sources = 1
average    since         example     example  current  current  current
loss       last          counter      weight    label  predict features
0.000000   0.000000            1         1.0   1.0000   1.0000       51
0.000000   0.000000            2         2.0   0.0000   0.0000      104
0.000000   0.000000            4         4.0   0.0000   0.0000      135
0.125000   0.250000            8         8.0   0.0000   0.0000      146
0.125000   0.125000           16        16.0   1.0000   1.0000       24
0.187500   0.250000           32        32.0   0.0000   0.0000       32
0.265625   0.343750           64        64.0   0.0000   0.0000       61
0.187500   0.109375          128       128.0   1.0000   1.0000      106

finished run
number of examples per pass = 200
passes used = 1
weighted example sum = 200
weighted label sum = 0
average loss = 0.16
best constant = -0.00502513
total feature number = 15482
