final_regressor = models/bs.vote.multi.model
Num weight bits = 18
learning rate = 0.5
initial_t = 0
power_t = 0.5
decay_learning_rate = 1
predictions = bs.vote.multi.predict
creating cache_file = train-sets/0001.multi.dat.cache
Reading datafile = train-sets/0001.multi.dat
num sources = 1
average    since         example     example  current  current  current
loss       last          counter      weight    label  predict features
1.000000   1.000000            1         1.0   1.0000   0.0000       51
0.500000   0.000000            2         2.0   0.0000   0.0000      104
0.500000   0.500000            4         4.0   0.0000   0.0000      135
0.500000   0.500000            8         8.0   0.0000   1.0000      146
0.625000   0.750000           16        16.0   1.0000   1.0000      143
0.656250   0.687500           32        32.0   1.0000   1.0000       70
0.703125   0.750000           64        64.0  -1.0000   1.0000       34
0.585938   0.468750          128       128.0   0.0000   0.0000       30
0.535714   0.535714          256       256.0  -1.0000   1.0000       72 h
0.482143   0.428571          512       512.0   0.0000   0.0000       37 h

finished run
number of examples per pass = 180
passes used = 3
weighted example sum = 540
weighted label sum = 0
average loss = 0.4 h
best constant = 0
total feature number = 41349
