final_regressor = models/cb_adf_crash.model
Num weight bits = 18
learning rate = 0.5
initial_t = 0
power_t = 0.5
using no cache
Reading datafile = train-sets/cb_adf_crash_1.data
num sources = 1
average  since         example        example  current  current  current
loss     last          counter         weight    label  predict features
-14.624999 -14.624999            1            1.0    known        0:0.975...        5

finished run
number of examples per pass = 1
passes used = 1
weighted example sum = 1.000000
weighted label sum = 0.000000
average loss = -14.624999
total feature number = 5
