0.200000
	feature:118880:1:0.1@0.3	Constant:116060:1:0.1@0.3
