
Termination condition reached in pass 13: decrease in loss less than 0.100%.
If you want to optimize further, decrease termination threshold.
